0ss_6o1
action_death_gen_monster_small_uu9
action_death_wolf_vo_uu9
action_hero_boxe_bp_gmh
action_hero_hurt_bp_gmh
action_hero_jump_bp_2xc
action_hero_pickup_coin_bp_2xc
action_hero_pickup_item_bp_2xc
amb_bp_winner_shout_fic
animalscreatures_creatures_104_8zy
animalscreatures_creatures_42_8zy
animalscreatures_creatures_48_8zy
animalscreatures_creatures_76_8zy
animalscreatures_creatures_80_8zy
animalscreatures_creatures_83_8zy
animalscreatures_creatures_91_8zy
animalscreatures_creatures_95_8zy
anjingfenweibgm315_o4ad
aonengfashi_c2cb
attack02_ywh
attack_01_2h6
attack_01_41p
attack_01_7x9
attack_01_j1u
attack_02_2h6
attack_02_cg5
attack_02_j5d
attack_02_szz
attack_03_2h6
attack_03_j5d
attack_04_cb9
barrels_preset_01_xf5
bingshuangemo_e2ya
blink_01_b83
bp_6o1
casting_01_b83
ceshi_6o1
characters_light02_i90
chouqisheng208_f8md
cike_nlfb
day1_4hkd.wav
day_b54
dianhuazhanxian314_h8x1
editor_bcd
eff_arpg_6o1
eff_autochess1_6o1
eff_autochess2_6o1
eff_battle_6o1
eff_ceshi_1_6o1
eff_common_6o1
eff_diablo_6o1
eff_map_6o1
eff_reverse_6o1
eff_roguelike_6o1
eff_tank_6o1
eff_tongyong_6o1
eff_xujian_6o1
effect_fenghuang_emit_87c
effect_new1_6o1
effect_new_6o1
effect_vxr_pseudo
emozhanshi_m8ua
fake_shadow_i90
fengsheng203_cwe1
fs_gen_2feet_dirt_01_2vm
fs_gen_2feet_dirt_02_2vm
fs_gen_2feet_dirt_03_2vm
fs_gen_2feet_dirt_04_2vm
fs_gen_2feet_dirt_05_2vm
fs_gen_2feet_dirt_06_2vm
fs_gen_2feet_dirt_07_2vm
fs_gen_2feet_dirt_08_2vm
fs_gen_2feet_grass_01_2vm
fs_gen_2feet_grass_02_2vm
fs_gen_2feet_grass_03_2vm
fs_gen_2feet_grass_04_2vm
fs_gen_2feet_grass_05_2vm
fs_gen_2feet_grass_06_2vm
fs_gen_2feet_grass_07_2vm
fs_gen_2feet_grass_08_2vm
fs_gen_2feet_rock_01_2vm
fs_gen_2feet_rock_02_2vm
fs_gen_2feet_rock_03_2vm
fs_gen_2feet_rock_04_2vm
fs_gen_2feet_rock_05_2vm
fs_gen_2feet_rock_06_2vm
fs_gen_2feet_rock_07_2vm
fs_gen_2feet_rock_08_2vm
fs_gen_2feet_sand_01_2vm
fs_gen_2feet_sand_02_2vm
fs_gen_2feet_sand_03_2vm
fs_gen_2feet_sand_04_2vm
fs_gen_2feet_sand_05_2vm
fs_gen_2feet_sand_06_2vm
fs_gen_2feet_sand_07_2vm
fs_gen_2feet_sand_08_2vm
fs_gen_2feet_water_01_2vm
fs_gen_2feet_water_02_2vm
fs_gen_2feet_water_03_2vm
fs_gen_2feet_water_04_2vm
fs_gen_2feet_water_05_2vm
fs_gen_2feet_water_06_2vm
fs_gen_2feet_water_07_2vm
fs_gen_2feet_water_08_2vm
fs_gen_2feet_wood_01_2vm
fs_gen_2feet_wood_02_2vm
fs_gen_2feet_wood_03_2vm
fs_gen_2feet_wood_04_2vm
fs_gen_2feet_wood_05_2vm
fs_gen_2feet_wood_06_2vm
fs_gen_2feet_wood_07_2vm
fs_gen_2feet_wood_08_2vm
fs_hero_shoes_ground_bp_2xc
gaobiebgm317_vr3d
guzhang311_r00d
hangdongjiemianyinle_lq5c
hangdongjiemianyinle_qb3c.wav
huanjingbaizaosheng221_1a5d
jianpansheng312_8yh1
jianpanyinxiao104_f0z1
jianpanyinxiao10_8egd.wav
jianpanyinxiao110_e9kc
jianpanyinxiao_5zx1.wav
jietouyinxiao212_jahd
jietouyinxiao404_eat1
jinbi_yl0
juewangbgm316_c74d
kaimensheng107_p7id
kaimensheng207_sik1
kanr209_3qvd
ladder_01_xf5
magic_acidpoison_11_kp2
magic_acidpoison_12_kp2
magic_electric_24_kp2
magic_electric_29_kp2
magic_fire_15_kp2
magic_fire_40_kp2
magic_fire_48_kp2
magic_fire_50_kp2
magic_fire_5_kp2
magic_fire_6_kp2
magic_fire_8_kp2
magic_fire_9_kp2
magic_ice_19_kp2
magic_ice_22_kp2
magic_ice_63_kp2
magic_light_6_kp2
magic_water_10_kp2
magic_water_23_kp2
magic_water_24_kp2
magic_water_27_kp2
material_w38
me_tiles_field_w38
mensheng410_0ny1
mensheng421_vxh1
mofashi_weapon_mzw
mus_battle_epic_dramatic_03_zid
mus_battle_epic_powerful_02_zid
mus_battle_epic_uplifting_01_zid
mus_bp_castle_fic
mus_bp_forest_fic
mus_bp_hall_fic
mus_bp_oriental_fic
mus_bp_temple_fic
mus_bp_wasteland_fic
music_ninja_loop_mz4
music_ninja_outro_mz4
ninja_shuriken_hit_hdw
obj_field_bottle_broken_bp_2xc
piangangzhenyang_clld.wav
ps_firering_hit_eff_9z4a
qieqiesiyusheng214_18r1
quzg_3rg
regular_fwa
ride_k0n
roll_cc1
samanjisi_ogxa
samplespells_6o1
senlinjiangshi_bcab
sfx_light_hint_buq
sfx_magic_cast_imprisoned_01_q9n
sfx_magic_fireball_large_blast_q9n
sfx_magic_fireball_large_shoot_q9n
sfx_magic_flame_large_air_blast_q9n
sfx_meteorite_fire_flight_fast_lp_buq
sfx_whirl_hvy_wind_lp_buq
shifoujieshou_jianchi_7usd
shoujitishiyin202_8k1c
shoujitishiyin302_gspd
shoujitishiyin406_6wbd
shoujizhendong412_f421
shuijuehuxisheng204_ghg1
sk_basic2_ww3
sk_daniao_hcq
sk_fatmale_shirenmo_weapon_blade_01_mzw
sk_gangster_ww3
sk_garden_stonetower_a02_7ra
sk_garden_stonetower_a03_7ra
sk_garden_stonetower_a04_7ra
sk_garden_stonetower_a05_7ra
sk_garden_stonetower_a_7ra
sk_ghost_0qa
sk_ndg_banner_b_7p1
sk_nezha2_weapon04_mzw
sk_nezha2_weapon205_mzw
sk_nezha2_weapon2_mzw
sk_nezha_ww3
sk_spider_burrow_0qa
sk_spider_burrow_s_0qa
sk_standardfemale_mage_weapon_magic_01_mzw
sk_standardfemale_mage_weapon_magic_04_mzw
sk_standardfemale_mage_weapon_magic_05_mzw
sk_uav_0qa
sk_vulture_bird_0qa
sk_werewolf_0qa
sk_wild_boar_0qa
sk_worker_ww3
sk_xx_chicken_0qa
skill_011_b83
skill_012_b83
skill_013_b83
skill_014_b83
skill_014_end_b83
skill_014_start_b83
skill_015_b83
skill_016_b83
skill_018_b83
skill_01_b83
skill_01_hkf
skill_01_j17
skill_01_jcz
skill_01_l9b
skill_01_pie
skill_01_sa8
skill_01_vqo
skill_01_vsl
skill_020_b83
skill_023_b83
skill_024_b83
skill_025_b83
skill_027_b83
skill_028_b83
skill_029_b83
skill_02_b83
skill_02_j17
skill_02_pie
skill_02_qll
skill_02_sa8
skill_02_vsl
skill_030_b83
skill_031_b83
skill_03_b83
skill_03_j17
skill_03_pie
skill_03_sa8
skill_04_j17
skill_04_pie
skill_04_sa8
skill_05_b83
skill_07_b83
skill_08_b83
skill_09_b83
skill_blizzard_logic_b83
skill_dafengche_b83
sm_backpack_01_base_4kw
sm_bonfire_a_lhd
sm_book01_a_7p1
sm_campfire_rocks_4kw
sm_campsite_firewood_02_base_4kw
sm_ch_building_props_09_02_2l8
sm_ch_building_props_09_2l8
sm_ch_littlestone_a_2l8
sm_ch_littlestone_b_2l8
sm_ch_littlestone_c_2l8
sm_ch_littlestone_d_2l8
sm_ch_littlestone_e_2l8
sm_ch_rope_03_a_2l8
sm_ch_rope_05_a_2l8
sm_ch_stones_03_2l8
sm_ch_wood_bench_01_2l8
sm_common_group_03_c1k
sm_common_group_06_c1k
sm_dh_diaolou_a_2l8
sm_dr_axe_01_mzw
sm_dr_machete_01_mzw
sm_dr_spear_08_mzw
sm_dr_spear_08_short_mzw
sm_dr_sword_04_02_mzw
sm_dr_sword_09_mzw
sm_ds_bone_01_q2c
sm_ds_bone_04_q2c
sm_ds_brazier_c_q2c
sm_ds_claypots_a_q2c
sm_ds_claypots_b_q2c
sm_ds_claypots_c_q2c
sm_ds_claypots_d_q2c
sm_ds_claypots_e_q2c
sm_ds_claypots_f_q2c
sm_ds_claypots_g_q2c
sm_ds_claypots_i_q2c
sm_ds_claypots_j_q2c
sm_ds_claypots_l_q2c
sm_ds_cordage_a_q2c
sm_ds_group_12_up7
sm_ds_group_143_up7
sm_ds_group_15_up7
sm_ds_group_18_up7
sm_ds_group_200_up7
sm_ds_group_26_up7
sm_ds_group_30_up7
sm_ds_group_31_up7
sm_ds_group_39_up7
sm_ds_group_52_up7
sm_ds_group_95_up7
sm_ds_haypile_a02_q2c
sm_ds_haypile_a03_q2c
sm_ds_haypile_a_q2c
sm_ds_jutejug_a_q2c
sm_ds_palisadespike_a_q2c
sm_ds_palisadespike_b_q2c
sm_ds_palisadespike_c_q2c
sm_ds_palisadespike_d_q2c
sm_ds_roundhaybale_a_q2c
sm_fabric_sack_set1_01_xf5
sm_garden_stonetower_a02_7ra
sm_garden_stonetower_a03_7ra
sm_garden_stonetower_a04_7ra
sm_garden_stonetower_a05_7ra
sm_garden_stonetower_a_7ra
sm_hay_bale_01_xf5
sm_hay_bale_set1_02_xf5
sm_horse_park_2x_01_xf5
sm_huolong_0qa
sm_leishenchui_mzw
sm_limestonerocks_b03_8g3
sm_limestonerocks_b_8g3
sm_log_pile_1_xf5
sm_log_pile_3_xf5
sm_lubian_group_09_zpd
sm_mine_a_jwb
sm_muzhuang_a_lhd
sm_ndg_banner_a_7p1
sm_ndg_brazier_c02_7p1
sm_ndg_chains_a_7p1
sm_ndg_chains_c_7p1
sm_pan_01_4kw
sm_plane_a01_i90
sm_plane_a02_i90
sm_plane_a03_i90
sm_pot_03_4kw
sm_pot_cover_4kw
sm_quarrycliff_a03_8g3
sm_quarrycliff_b03_8g3
sm_quarrycliff_c03_8g3
sm_quarrycliff_d03_8g3
sm_quarrycliff_e03_8g3
sm_quarrycliff_f03_8g3
sm_quarrycliff_g03_8g3
sm_quarrycliff_h03_8g3
sm_quarrycliff_k03_8g3
sm_quarrycliff_l03_8g3
sm_quarrycliff_l_8g3
sm_quarrycliff_m03_8g3
sm_quarrycliff_o03_8g3
sm_quarrycliff_o_8g3
sm_quarrycliff_p03_8g3
sm_quarrycliff_r03_8g3
sm_quarrycliff_s03_8g3
sm_quarrycliff_t03_8g3
sm_quarrycliff_v03_8g3
sm_quarrycliff_w03_8g3
sm_quarryoutcrop_a03_8g3
sm_quarryoutcrop_a_8g3
sm_stone_a_8g3
sm_stone_a_new_8g3
sm_stone_group_03_c1k
sm_stone_group_06_c1k
sm_tilewood_a02_2l8
sm_tilewood_a_2l8
sm_tilewood_d02_2l8
sm_tilewood_d_2l8
sm_tilewood_g_2l8
sm_tilewood_i02_2l8
sm_tilewood_i_2l8
sm_tilewood_j02_2l8
sm_tilewood_j_2l8
sm_tilewood_l_2l8
sm_wood_cart_2l8
sm_woodpile_k_lhd
sm_woodpile_l_lhd
sm_xuanyuntuteng_a01_xf5
sm_xuanyuntuteng_a02_xf5
sm_xuanyuntuteng_a_xf5
sm_zhiliaotuteng_a_xf5
tanqisheng210_ks1c
textures_w38
throw_03_zsj
tile_config_w38
tufu_xpdb
ui_click_button_a82
ui_click_hvy_dark_long_kec
ui_click_hvy_dark_short_kec
ui_click_metal_drum_confirm_kec
ui_countdown_pointer_5to1_kec
ui_drawcard_onetimes_box_gold_open_kec
ui_drawcard_onetimes_box_ordinary_open_kec
ui_drawcard_onetimes_show_kec
ui_drawcard_tentimes_box_open_kec
ui_drawcard_tentimes_show_gold_kec
ui_drawcard_tentimes_show_ordinary_01_kec
ui_gamehall_congratulat_get_kec
ui_gamehall_equip_open_kec
ui_gamehall_friend_add_kec
ui_gamehall_friend_out_kec
ui_gamehall_gen_cancel_kec
ui_gamehall_gen_click_kec
ui_gamehall_gen_close_kec
ui_gamehall_gen_confirm_kec
ui_gamehall_page_level01_click_kec
ui_gamehall_popups_kec
ui_gamehall_promptwindow_kec
ui_gamehall_store_buy_success_kec
ui_gamehall_store_open_kec
ui_gamehall_system_open_kec
ui_hud_award_get_bright_long_c0u
ui_podium_yr1
ui_slide_magic_01_kec
ui_slide_metal_01_kec
ui_start_dark_transition_kec
ui_window_a82
uiyinxiao8_mgbd.wav
undeadbird_0qa
undeadbird_egg_0qa
voice_maleyavor_5_bnk
voice_maleyigor_4_bnk
wall_jrny_radiant_256_str_1_1ez
weapons_explosions_14_jlk
weapons_impactsgore_107_jlk
weapons_impactsgore_10_jlk
weapons_melee_35_jlk
weapons_melee_36_jlk
weapons_melee_57_jlk
weapons_melee_69_jlk
weapons_melee_73_jlk
weapons_melee_76_jlk
weapons_melee_7_jlk
weapons_melee_87_jlk
weapons_melee_8_jlk
xh_model_87c
xindiantuyinxiao101_bgyd
xindiantuyinxiao220_eke1
xindiantuyinxiao308_d36d
xindiantuyinxiao_7gmd.wav
xintiaosheng205_slbc
xintiaosheng419_6s6d
xitongtishi_piwd
xuanzeyinxiao_m3jc
yinxiao09_sasd.wav
yinxiao102_f2qd
yinxiao103_1skc
yinxiao106_2zn1
yinxiao109_syyd
yinxiao201_5r5d
yinxiao206_5wdc
yinxiao211_t5gd
yinxiao213_ljnd
yinxiao215_p25d
yinxiao216_uo9c
yinxiao217_ra3c
yinxiao218_n06d
yinxiao219_nf41
yinxiao222_vqfc
yinxiao301_dmvd
yinxiao303_9p3c
yinxiao305_gp4d
yinxiao306_124d
yinxiao307_t5pd
yinxiao309_cu7d
yinxiao310_4y9c
yinxiao401_yecd
yinxiao402_fkhc
yinxiao403_ka7d
yinxiao405_oyy1
yinxiao407_eiv1
yinxiao408_7wnd
yinxiao409_jwsd
yinxiao411_ow4d
yinxiao413_zqx1
yinxiao414_wt3c
yinxiao415_vjm1
yinxiao416_t05c
yinxiao418_xz2d
yinxiao422_7xrd
yinxiao501_ct6c
yinxiao502_temd
yinxiao503_7ig1
yinxiao504_svh1
yinxiao5_qr4d.wav
yinxiao6_wakd.wav
yinxiao7_xyhc.wav
yiyuanzoulang304_lb3d
youguinvyao_85gb
zhuyebeijingyinle_y7xd
