engineres/textures/ramp.png
engineres/textures/spot.png
engineres/particle/common/materials/orientparticle.tga
engineres/particle/common/materials/defaultdiffuse.png
textures/stars.png
engineres/particle/common/materials/dissolvemask.jpg
characters/monster/sk_spider_burrow_s/textures/t_spider_s_burrow_basecolor.tga
characters/monster/sk_spider_burrow_s/textures/t_spider_s_burrow_mix_1.tga
characters/general/sk_basic2/textures/m0_diffuse.tga
characters/general/sk_basic2/textures/m0_normal.tga
characters/general/sk_basic2/textures/m1_diffuse.tga
characters/general/sk_basic2/textures/m1_normal.tga
characters/general/sk_basic2/textures/m1_specular.tga
characters/general/sk_basic2/textures/m1_emissive.tga
characters/general/sk_gangster/textures/m0_diffuse.tga
characters/general/sk_gangster/textures/m0_normal.tga
characters/general/sk_gangster/textures/m1_diffuse.tga
characters/general/sk_gangster/textures/m1_normal.tga
characters/general/sk_gangster/textures/m1_specular.tga
characters/general/sk_gangster/textures/m2_diffuse.tga
characters/general/sk_gangster/textures/m2_normal.tga
characters/general/sk_gangster/textures/m2_specular.tga
characters/general/sk_gangster/textures/m2_emissive.tga
characters/general/sk_gangster/textures/m3_diffuse.tga
characters/general/sk_gangster/textures/m3_normal.tga
characters/general/sk_gangster/textures/m3_specular.tga
characters/general/sk_gangster/textures/m4_diffuse.tga
characters/general/sk_gangster/textures/m4_normal.tga
characters/general/sk_gangster/textures/m4_specular.tga
characters/general/sk_gangster/textures/m5_diffuse.tga
characters/general/sk_gangster/textures/m5_normal.tga
characters/general/sk_gangster/textures/m5_specular.tga
characters/general/sk_gangster/textures/m6_diffuse.tga
characters/general/sk_gangster/textures/m6_normal.tga
characters/general/sk_gangster/textures/m6_specular.tga
characters/monster/sk_werewolf/textures/t_werewolf_basecolor.tga
characters/monster/sk_werewolf/textures/t_werewolf_mix_1.tga
characters/tramcar_td/jinbi/textures/sm_jinbi_basecolor.tga
characters/tramcar_td/jinbi/textures/sm_jinbi_mix_1.tga
deco/engine/sm_plane_a01/textures/t_plane_a01.tga
editor/textures/materiallibrary/t_defaultmix.png
editor/textures/engine/default_mix_n.tga
editor/textures/engine/default_white.png
deco/handpaintedvol2_campsite/sm_backpack_01_base/textures/t_backpack_01_base_c.tga
deco/handpaintedvol2_campsite/sm_backpack_01_base/textures/t_backpack_01_base_mix.tga
texture/effect/t_old/111224fslqass7iy4azfpi.png
texture/effect/t_old/orientparticle_1.tga
texture/effect/t_old/t_xue_6.png
texture/effect/t_old/t_zhishi_23_b.png
texture/effect/t_old/t_zhishi_23_c.png
texture/effect/t_old/t_zhishi_23_w.png
texture/effect/t_old/t_zhishi_23_g1.png
texture/effect/t_old/1(1).png
texture/effect/t_old/defaultdiffuse_2.png
texture/effect/t_old/dissolvemask.jpg
texture/effect/t_old/2(1).png
texture/effect/t_old/t_huoqiu.png
texture/effect/t_old/orientparticle_2.png
texture/effect/t_old/particle_projectiletip.png
texture/effect/t_old/c0ebcab5-007e-4d26-8567-543c323639de.png
texture/effect/t_old/temptexture3_63.png
texture/effect/t_old/orientparticle_1.png
texture/effect/t_old/temptexture0_181.png
texture/effect/t_old/temptexture0_189.png
texture/effect/t_old/temptexture02.png
texture/effect/t_old/shan3.png
texture/effect/t_old/temptexture0_183.png
texture/effect/t_old/temptexture1_92.png
texture/effect/t_old/lightzd.png
texture/effect/t_old/t_zaobo.png
texture/effect/t_old/fx_a_atypical_4.png
texture/effect/t_old/t_tuowei_3.png
texture/effect/t_old/t_fire_1.png
texture/effect/t_old/acid_spit_core_sheet.png
texture/effect/t_old/seq_lcy.png
texture/effect/t_old/temptexture3_58.png
texture/effect/t_old/fx_c_glow.png
texture/effect/t_old/t_glow_1.png
texture/effect/t_old/t_liusha_1.png
texture/effect/t_old/fx_c_ring_004_cl.png
texture/effect/t_old/temptexture0_15.png
texture/effect/t_old/t_daoguang_4.png
texture/effect/t_old/t_daoguang_5.png
texture/effect/t_old/t_daoguang_12.png
texture/effect/t_old/t_daoguang_6.png
texture/effect/t_old/t_glow.png
texture/effect/t_old/tex_glow.png
texture/effect/t_old/t_guangyun.png
texture/effect/xujian/smoke/tex_fx_smoke_010.png
texture/effect/xujian/noise/t_fx_noise_013.png
texture/effect/xujian/object/t_fx_object_001.png
texture/effect/xujian/glow/tex_fx_glow_003.png
texture/effect/xujian/guangci/t_fx_guangci_002.png
texture/effect/t_old/dark.png
texture/effect/xujian/mask/tex_fx_mask_002.png
texture/effect/texture_h/t_fx_mask_068_h.png
texture/effect/dj/t_fx_smoke_02_dj.png
texture/effect/xujian/ring/tex_fx_ring_003.png
texture/effect/t_old/tex_gy.png
texture/effect/t_old/temptexture7.png
texture/effect/t_old/impact_base_add.png
texture/effect/xujian/glow/tex_fx_glow_001.png
texture/effect/xujian/smoke/tex_fx_smoke_019.png
texture/effect/xujian/t_fx_trail_002_.png
texture/effect/xujian/mask/tex_fx_mask_032.png
effect/effect_new1/effect_hit/eff_hit_aoe/uv_once_tex_fx_glow_024.png
texture/effect/xujian/glow/tex_fx_glow_020.png
texture/effect/xujian/guangci/t_fx_mask_022.png
texture/effect/xujian/glow/tex_fx_glow_024.png
effect/effect_new/effect_mofa/eff_mofa_01/uv_once_tex_fx_glow_001.png
texture/effect/xujian/knief/t_fx_knief_007.png
texture/effect/xujian/knief/t_fx_knief_005.png
texture/effect/xujian/ground/tex_fx_ground_036.png
texture/effect/xujian/mask/tex_fx_mask_001.png
texture/effect/xujian/guangci/t_fx_guangci_033.png
effect/effect_new1/effect_hit/eff_hit_aoe/uv_once_tex_fx_mask_003.png
texture/effect/xujian/ring/tex_fx_ring_001.png
effect/effect_new1/effect_hit/eff_hit_aoe/uv_once_t_fx_noise_005.tga
effect/effect_new1/effect_hit/eff_hit_aoe/t_fx_guangci_033.png
effect/effect_new1/effect_hit/eff_aoe_yuan/tex_fx_mask_003.png
texture/effect/xujian/object/t_fx_stone_004.png
texture/effect/xujian/ground/tex_fx_ground_013.png
texture/effect/xujian/mask/tex_fx_mask_046.png
texture/effect/xujian/noise/t_fx_noise_004.tga
texture/effect/xujian/ground/tex_fx_ground_011.png
texture/effect/xujian/guangci/t_fx_guangci_019.png
texture/effect/xujian/noise/t_fx_noise_005.tga
texture/effect/xujian/fire/tex_fx_fire_025.png
texture/effect/xujian/ring/tex_fx_ring_034.png
texture/effect/t_old/t_juxing.png
texture/effect/t_old/t_juxing_1.png
texture/effect/xujian/zhishi/t_fx_zhishiqi_01.png
texture/effect/t_old/t_shanxing.png
texture/effect/t_old/t_shanxing_1.png
texture/effect/t_old/t_shanxing_2.png
texture/effect/t_old/t_shanxing_3.png
texture/effect/t_old/t_shanxing_4.png
texture/effect/t_old/t_shanxing_5.png
texture/effect/xujian/tubiao/t_fx_tubiao_001.png
texture/effect/xujian/tubiao/t_fx_tubiao_002.png
texture/effect/xujian/tubiao/t_fx_tubiao_003.png
texture/effect/xujian/tubiao/t_fx_tubiao_004.png
texture/effect/t_old/t_zhishi_3.png
texture/effect/xujian/smoke/tex_fx_smoke_009.png
effect/effect_new/effect_knief/eff_knief_002/uv_once_t_fx_knief_028.png
texture/effect/xujian/noise/t_fx_noise_003.png
texture/effect/xujian/mask/tex_fx_mask_021.png
effect/effect_new/effect_knief/eff_knief_002/uv_once_t_fx_knief_027.png
effect/effect_new/effect_knief/eff_knief_002/uv_once_tex_fx_mask_006.png
texture/effect/t_old/eff_xiahouyuan.png
texture/effect/t_old/t_xingxing.png
texture/effect/t_old/ci1.png
texture/effect/t_old/mask2.png
texture/effect/t_old/outrage_strike_on02.png
texture/effect/t_old/temptexture6_12.png
texture/effect/t_old/6mx2.png
texture/effect/t_old/blz_441_cs_ring.png
texture/effect/t_old/t_glow_24.png
texture/effect/t_old/temptexture3_54.png
texture/effect/t_old/t_xianxingglow_1.png
texture/effect/xujian/trail/tex_fx_ray_005.png
texture/effect/xujian/glow/tex_fx_glow_022.png
texture/effect/t_old/dao1.png
texture/effect/t_old/t_hook_basecolor1.png
texture/effect/t_old/temptexture1_1.png
texture/effect/t_old/t_flare.png
texture/effect/t_old/temptexture0_1.png
texture/effect/t_old/temptexture2_2.png
texture/effect/t_old/tex_yw.png
texture/effect/t_old/tex_hy.png
texture/effect/t_old/c_point083a.png
characters/general/sk_nezha/textures/t_nezha_wp_basecolor.tga
characters/general/sk_nezha/textures/t_nezha_wp_mix.tga
eqpt/weapon/sk_nezha2_weapon04/textures/t_nezha_wp_basecolor_4.tga
eqpt/weapon/sk_nezha2_weapon04/textures/t_nezha_wp_mix.tga
texture/effect/dj/weapon/t_nezha_wp_basecolor_4.tga
texture/effect/xujian/noise/t_fx_noise_016.png
texture/effect/xujian/smoke/tex_fx_smoke_001_dj.png
texture/effect/xujian/smoke/tex_fx_smoke_013.png
eqpt/weapon/sm_dr_sword_04_02/textures/t_sword_basecolor4.tga
eqpt/weapon/sm_dr_sword_04_02/textures/t_sword_mix4.tga
engineres/techniques/notexture.xml
engineres/particle/common/techniques/diffunlitparticlealpha.xml
engineres/particle/common/techniques/diffunlitmeshparticlealpha.xml
engineres/techniques/diffunlit.xml
editor/techniques/pbr_packednormal/defaultmetallicroughness.xml
editor/techniques/pbr_packednormal/defaultmetallicroughnessalpha.xml
editor/techniques/fakeshadow.xml
engineres/renderpaths/forward.xml
shaders/blgl/uncompileddisplay/vs_display.glsl
shaders/blgl/uncompileddisplay/ps_display.glsl
engineres/particle/common/materials/alphamaterial.material
engineres/particle/common/materials/alphamesh.material
engineres/particle/common/materials/defaultmesh.material
engineres/particle/common/materials/defaultmeshrgba.material
engineres/particle/common/materials/defaultsprite.material
engineres/particle/common/materials/empty.material
characters/monster/sk_spider_burrow_s/materials/sk_spider_burrow_s.material
characters/general/sk_basic2/materials/m0.material
characters/general/sk_basic2/materials/m1.material
characters/general/sk_gangster/materials/m0.material
characters/general/sk_gangster/materials/m1.material
characters/general/sk_gangster/materials/m2.material
characters/general/sk_gangster/materials/m3.material
characters/general/sk_gangster/materials/m4.material
characters/general/sk_gangster/materials/m5.material
characters/general/sk_gangster/materials/m6.material
characters/monster/sk_werewolf/materials/sk_werewolf.material
characters/tramcar_td/jinbi/materials/jinbi.material
deco/engine/sm_plane_a01/materials/m_plane_a01.material
deco/engine/sm_plane_a02/materials/m_plane_a02.material
deco/engine/sm_plane_a03/materials/m_plane_a03.material
deco/engine/fake_shadow/materials/fakeshadow.material
deco/handpaintedvol2_campsite/sm_backpack_01_base/materials/m_backpack_01_base_a.material
characters/general/sk_nezha/materials/sk_nezha_wp.material
eqpt/weapon/sk_nezha2_weapon04/materials/sk_nezha2_weapon04.material
eqpt/weapon/sm_dr_sword_04_02/materials/sm_dr_sword_04_02.material
maps/game_jam_seven_day_life/project/map_settings.json
anim/human/barehanded_anim/hand_05/skill_01.ani
anim/human/barehanded_anim/hand_05/skill_011.ani
anim/human/barehanded_anim/hand_05/skill_02.ani
anim/human/barehanded_anim/hand_05/skill_025.ani
anim/human/sword_anim/dajianzhanshi/skill_04.ani
anim/sk_basic2/anim/human/sword_anim/dajianzhanshi/skill_02.ani
anim/sk_basic2/anim/human/sword_anim/dajianzhanshi/skill_03.ani
anim/sk_basic2/anim/human/sword_anim/dajianzhanshi/skill_04.ani
anim/sk_basic2/anim/human/sword_anim/dajianzhanshi/skill_01.ani
characters/monster/sk_spider_burrow_s/model.prefab
characters/general/sk_basic2/model.prefab
characters/general/sk_gangster/model.prefab
characters/monster/sk_werewolf/model.prefab
characters/tramcar_td/jinbi/model.prefab
deco/engine/sm_plane_a01/model.prefab
deco/engine/sm_plane_a02/model.prefab
deco/engine/sm_plane_a03/model.prefab
deco/engine/fake_shadow/model.prefab
deco/handpaintedvol2_campsite/sm_backpack_01_base/model.prefab
eqpt/weapon/sk_nezha2_weapon205/model.prefab
eqpt/weapon/sm_dr_sword_04_02/model.prefab
characters/monster/sk_spider_burrow_s/model/m.mdl
characters/general/sk_basic2/model/m.mdl
characters/general/sk_gangster/model/m.mdl
characters/monster/sk_werewolf/model/m.mdl
characters/tramcar_td/jinbi/model/m.mdl
deco/engine/sm_plane_a01/model/m.mdl
deco/engine/fake_shadow/model/m.mdl
deco/handpaintedvol2_campsite/sm_backpack_01_base/model/m.mdl
effect/ceshi/shengli/zfx_pian.mdl
effect/ceshi/shibai/zfx_pian.mdl
effect/eff_tank/particle/ps_skill_effect_001/zhou_zfx1.mdl
effect/eff_tank/particle/ps_skill_effect_002/zhou_zfx1.mdl
effect/eff_tank/particle/ps_skill_effect_002_red/zhou_zfx1.mdl
effect/eff_tongyong/huoqiu2/sm_huoqiu_1.mdl
effect/eff_tongyong/huoqiu_blast/sm_huoqiu_1.mdl
effect/eff_tongyong/ps_daoguang_1/sm_daoguang_4.mdl
effect/eff_tongyong/ps_shouji_1/sp1.mdl
effect/effect_new/effect_knief/eff_knief_004/fbx_knief_001.mdl
effect/effect_new/effect_knief/eff_knief_004/fbx_knief_001_1.mdl
effect/effect_new/effect_mofa/eff_aoe/eff_aoe_hit_012/fbx_yuanhuan_003.mdl
effect/effect_new/effect_mofa/eff_aoe/eff_aoe_hit_012/fbx_cylinder_007.mdl
effect/effect_new/effect_zhishiqi/eff_juxing/ps_tou_1/sm_juxing_t_1.mdl
effect/effect_new/effect_zhishiqi/eff_juxing/ps_wei_1/sm_juxing_w_1.mdl
effect/effect_new/effect_zhishiqi/eff_juxing/ps_zhong_1/sm_fx_juxingzhishiqi_01.mdl
effect/effect_new/effect_zhishiqi/eff_shanxing/ps_shanxing_120_1/sm_shanxing_120_1.mdl
effect/effect_new/effect_zhishiqi/eff_shanxing/ps_shanxing_120_red_1/sm_shanxing_120_1.mdl
effect/effect_new/effect_zhishiqi/eff_shanxing/ps_shanxing_180_1/sm_shanxing_180_1.mdl
effect/effect_new/effect_zhishiqi/eff_shanxing/ps_shanxing_180_red_1/sm_shanxing_180_1.mdl
effect/effect_new/effect_zhishiqi/eff_shanxing/ps_shanxing_30_1/sm_shanxing_30_1.mdl
effect/effect_new/effect_zhishiqi/eff_shanxing/ps_shanxing_30_red_1/sm_shanxing_30_1.mdl
effect/effect_new/effect_zhishiqi/eff_shanxing/ps_shanxing_45_1/sm_shanxing_45_1.mdl
effect/effect_new/effect_zhishiqi/eff_shanxing/ps_shanxing_45_red_1/sm_shanxing_45_1.mdl
effect/effect_new/effect_zhishiqi/eff_shanxing/ps_shanxing_60_1/sm_shanxing_60_3.mdl
effect/effect_new/effect_zhishiqi/eff_shanxing/ps_shanxing_60_red_1/sm_shanxing_60_3.mdl
effect/effect_new/effect_zhishiqi/eff_shanxing/ps_shanxing_90_1/sm_shanxing_90_2.mdl
effect/effect_new/effect_zhishiqi/eff_shanxing/ps_shanxing_90_red_1/sm_shanxing_90_2.mdl
effect/effect_new/effect_zhishiqi/eff_zhishiqi/ps_biaoji_1/sm_fx_tubiao_02.mdl
effect/effect_new/effect_zhishiqi/eff_zhishiqi/ps_biaoji_red_1/sm_fx_tubiao_02.mdl
effect/effect_new/effect_zhishiqi/eff_zhishiqi/ps_jineng_1/sm_jineng_1_1.mdl
effect/effect_new/effect_zhishiqi/eff_zhishiqi/ps_yuanxing_1/sm_yuanxing_52_1.mdl
effect/effect_new/effect_zhishiqi/eff_zhishiqi/ps_yuanxing_red_1/sm_yuanxing_52_1.mdl
effect/effect_new/effect_zhishiqi/eff_zhishiqi/ps_zhixiangxing_1/sm_fx_zhishiqi_01.mdl
effect/effect_new/effect_zhishiqi/eff_zhishiqi/ps_zhixiangxing_red_1/sm_fx_zhishiqi_01.mdl
effect/effect_new/effect_zhishiqi/eff_zhixianxing/ps_tou_1/sm_zhixian_t_2.mdl
effect/effect_new1/effect_knief/eff_daoguang06/fbx_knief_002_2.mdl
effect/effect_new1/effect_knief/eff_daoguang06/fbx_knief_002.mdl
effect/effect_new1/effect_knief/eff_daoguang06/fbx_knief_002_1.mdl
effect/samplespells/avatar/avatar_caster/tielian_pl.mdl
effect/samplespells/avatar/avatar_caster/tempstaticmesh0.mdl
effect/samplespells/hook/hook_missile/gouzi1_1.mdl
eqpt/weapon/sk_nezha2_weapon2/model/m.mdl
effect/effect_new1/eff_weapon/eff_nezha_quan/neza_quan1.mdl
eqpt/weapon/sm_dr_sword_04_02/model/m.mdl
characters/monster/sk_spider_burrow_s/anim/appear.ani
characters/monster/sk_spider_burrow_s/anim/attack.ani
characters/monster/sk_spider_burrow_s/anim/die.ani
characters/monster/sk_spider_burrow_s/anim/hit.ani
characters/monster/sk_spider_burrow_s/anim/idle.ani
characters/monster/sk_spider_burrow_s/anim/move.ani
characters/monster/sk_spider_burrow_s/anim/spellcast1.ani
characters/monster/sk_spider_burrow_s/anim/spellcast2.ani
characters/monster/sk_spider_burrow_s/anim/vertigo.ani
characters/general/sk_basic2/anim/combat_idle_01.ani
characters/general/sk_basic2/anim/die.ani
characters/general/sk_basic2/anim/gun_idle.ani
characters/general/sk_basic2/anim/gun_move.ani
characters/general/sk_basic2/anim/gun_move2.ani
characters/general/sk_basic2/anim/idle.ani
characters/general/sk_basic2/anim/idle_01.ani
characters/general/sk_basic2/anim/magic_idle.ani
characters/general/sk_basic2/anim/magic_move.ani
characters/general/sk_basic2/anim/move.ani
characters/general/sk_basic2/anim/run_01.ani
characters/general/sk_basic2/anim/run_02.ani
characters/general/sk_basic2/anim/run_03.ani
characters/general/sk_basic2/anim/sword_idle.ani
characters/general/sk_basic2/anim/sword_move.ani
characters/general/sk_gangster/anim/0_idle2_show1.ani
characters/general/sk_gangster/anim/0_idle2_show2.ani
characters/general/sk_gangster/anim/0_kick.ani
characters/general/sk_gangster/anim/2_dead1.ani
characters/general/sk_gangster/anim/attack.ani
characters/general/sk_gangster/anim/boomerang_throw2.ani
characters/general/sk_gangster/anim/bp_fall_down+get_up.ani
characters/general/sk_gangster/anim/bp_handsthrow.ani
characters/general/sk_gangster/anim/bp_idle.ani
characters/general/sk_gangster/anim/bp_jump.ani
characters/general/sk_gangster/anim/bp_landing.ani
characters/general/sk_gangster/anim/bp_liftrun.ani
characters/general/sk_gangster/anim/bp_pointforward.ani
characters/general/sk_gangster/anim/bp_run.ani
characters/general/sk_gangster/anim/bp_run_baseballbbat.ani
characters/general/sk_gangster/anim/bp_run_end.ani
characters/general/sk_gangster/anim/bp_spellcast01-2.ani
characters/general/sk_gangster/anim/bp_spellcast01.ani
characters/general/sk_gangster/anim/bp_spellcast02.ani
characters/general/sk_gangster/anim/bp_throw+prepare.ani
characters/general/sk_gangster/anim/bp_throw.ani
characters/general/sk_gangster/anim/bp_throwhook.ani
characters/general/sk_gangster/anim/bp_throw_prepare.ani
characters/general/sk_gangster/anim/bp_walk.ani
characters/general/sk_gangster/anim/catch_boomerang.ani
characters/general/sk_gangster/anim/die.ani
characters/general/sk_gangster/anim/drop_02.ani
characters/general/sk_gangster/anim/femalebody_1_dead.ani
characters/general/sk_gangster/anim/femalebody_1_idle1.ani
characters/general/sk_gangster/anim/femalebody_1_idle1_s.ani
characters/general/sk_gangster/anim/femalebody_walk.ani
characters/general/sk_gangster/anim/femalebody_walk2.ani
characters/general/sk_gangster/anim/idle.ani
characters/general/sk_gangster/anim/idle_relax_05.ani
characters/general/sk_gangster/anim/move.ani
characters/general/sk_gangster/anim/pick1.ani
characters/general/sk_gangster/anim/pick2.ani
characters/general/sk_gangster/anim/pick3.ani
characters/general/sk_gangster/anim/pickup.ani
characters/general/sk_gangster/anim/pistol_idle.ani
characters/general/sk_gangster/anim/pistol_move.ani
characters/general/sk_gangster/anim/pistol_shot.ani
characters/general/sk_gangster/anim/put.ani
characters/general/sk_gangster/anim/rifle_attack01.ani
characters/general/sk_gangster/anim/rifle_attack02.ani
characters/general/sk_gangster/anim/rifle_dead.ani
characters/general/sk_gangster/anim/rifle_hit.ani
characters/general/sk_gangster/anim/rifle_idle.ani
characters/general/sk_gangster/anim/rifle_idle2.ani
characters/general/sk_gangster/anim/rifle_move.ani
characters/general/sk_gangster/anim/show_idle_02.ani
characters/general/sk_gangster/anim/spell.ani
characters/general/sk_gangster/anim/spellcast_buff.ani
characters/general/sk_gangster/anim/spellcast_dash.ani
characters/general/sk_gangster/anim/spellcast_shooting.ani
characters/general/sk_gangster/anim/spellcast_throw.ani
characters/general/sk_gangster/anim/throw_boomerang.ani
characters/general/sk_gangster/anim/throw_shuriken.ani
characters/general/sk_gangster/anim/victory_idle_bp.ani
characters/general/sk_gangster/anim/victory_show_bp.ani
characters/monster/sk_werewolf/anim/attack.ani
characters/monster/sk_werewolf/anim/born.ani
characters/monster/sk_werewolf/anim/die.ani
characters/monster/sk_werewolf/anim/hit.ani
characters/monster/sk_werewolf/anim/idle.ani
characters/monster/sk_werewolf/anim/jumpback.ani
characters/monster/sk_werewolf/anim/move.ani
characters/monster/sk_werewolf/anim/spellcast.ani
characters/monster/sk_werewolf/anim/spin_move.ani
characters/monster/sk_werewolf/anim/spin_prepare.ani
characters/monster/sk_werewolf/anim/vertigo.ani
characters/monster/sk_werewolf/anim/wave.ani
characters/tramcar_td/jinbi/anim/idle.ani
effect/samplespells/hook/hook_hit/particle.effect
effect/bp/yuan/ps_zhishi_1/particle.effect
effect/bp/yuan/ps_zhishi_5/particle.effect
effect/bp/yuan/ps_zhishi_7/particle.effect
effect/bp/yuan/ps_zhishi_8/particle.effect
effect/ceshi/shengli/particle.effect
effect/ceshi/shibai/particle.effect
effect/eff_ceshi_1/particle/ps_huo_5/particle.effect
effect/eff_reverse/particle/unknown/tongyong/ps_xuanyun_eff/particle.effect
effect/eff_tank/particle/indicator/ps_skill_effect_001_red/particle.effect
effect/eff_tank/particle/ps_skill_effect_001/particle.effect
effect/eff_tank/particle/ps_skill_effect_002/particle.effect
effect/eff_tank/particle/ps_skill_effect_002_red/particle.effect
effect/eff_tank/particle/ps_spell_blue_circle/particle.effect
effect/eff_tank/particle/ps_spell_green_circle_red/particle.effect
effect/eff_tongyong/huoqiu2/particle.effect
effect/eff_tongyong/huoqiu_blast/particle.effect
effect/eff_tongyong/ps_daoguang_1/particle.effect
effect/eff_tongyong/ps_shouji_1/particle.effect
effect/eff_xujian/effect_fire_debuff/particle.effect
effect/eff_xujian/effect_hit_001/particle.effect
effect/eff_xujian/effect_zhanshi_03/particle.effect
effect/eff_xujian/effect_zhanshi_hit/particle.effect
effect/effect_new/effect_buff/eff_buff_02/particle.effect
effect/effect_new/effect_hero/effect_trail/eff_trail_05/particle.effect
effect/effect_new/effect_hit/eff_hit_29/particle.effect
effect/effect_new/effect_knief/eff_knief_004/particle.effect
effect/effect_new/effect_mofa/eff_aoe/eff_aoe_hit_012/particle.effect
effect/effect_new/effect_mofa/eff_rectangle/eff_rectangle_01/particle.effect
effect/effect_new/effect_ui/eff_ui_shubiaodianji/particle.effect
effect/effect_new/effect_zhishiqi/eff_juxing/ps_tou_1/particle.effect
effect/effect_new/effect_zhishiqi/eff_juxing/ps_wei_1/particle.effect
effect/effect_new/effect_zhishiqi/eff_juxing/ps_zhong_1/particle.effect
effect/effect_new/effect_zhishiqi/eff_shanxing/ps_shanxing_120_1/particle.effect
effect/effect_new/effect_zhishiqi/eff_shanxing/ps_shanxing_120_red_1/particle.effect
effect/effect_new/effect_zhishiqi/eff_shanxing/ps_shanxing_180_1/particle.effect
effect/effect_new/effect_zhishiqi/eff_shanxing/ps_shanxing_180_red_1/particle.effect
effect/effect_new/effect_zhishiqi/eff_shanxing/ps_shanxing_30_1/particle.effect
effect/effect_new/effect_zhishiqi/eff_shanxing/ps_shanxing_30_red_1/particle.effect
effect/effect_new/effect_zhishiqi/eff_shanxing/ps_shanxing_45_1/particle.effect
effect/effect_new/effect_zhishiqi/eff_shanxing/ps_shanxing_45_red_1/particle.effect
effect/effect_new/effect_zhishiqi/eff_shanxing/ps_shanxing_60_1/particle.effect
effect/effect_new/effect_zhishiqi/eff_shanxing/ps_shanxing_60_red_1/particle.effect
effect/effect_new/effect_zhishiqi/eff_shanxing/ps_shanxing_90_1/particle.effect
effect/effect_new/effect_zhishiqi/eff_shanxing/ps_shanxing_90_red_1/particle.effect
effect/effect_new/effect_zhishiqi/eff_zhishiqi/ps_biaoji_1/particle.effect
effect/effect_new/effect_zhishiqi/eff_zhishiqi/ps_biaoji_red_1/particle.effect
effect/effect_new/effect_zhishiqi/eff_zhishiqi/ps_jineng_1/particle.effect
effect/effect_new/effect_zhishiqi/eff_zhishiqi/ps_yuanxing_1/particle.effect
effect/effect_new/effect_zhishiqi/eff_zhishiqi/ps_yuanxing_red_1/particle.effect
effect/effect_new/effect_zhishiqi/eff_zhishiqi/ps_zhixiangxing_1/particle.effect
effect/effect_new/effect_zhishiqi/eff_zhishiqi/ps_zhixiangxing_red_1/particle.effect
effect/effect_new/effect_zhishiqi/eff_zhixianxing/ps_tou_1/particle.effect
effect/effect_new1/eff_weapon/eff_weapon_011/particle.effect
effect/effect_new1/effect_knief/eff_daoguang06/particle.effect
effect/samplespells/avatar/avatar_caster/particle.effect
effect/samplespells/devotion/devotionaura/particle.effect
effect/samplespells/fan_of_knives/fanofknives_hit/particle.effect
effect/samplespells/fan_of_knives/fanofknives_missile/particle.effect
effect/samplespells/hook/hook_missile/particle.effect
effect/samplespells/snake ward/snake ward_attack/particle.effect
effect/samplespells/snake ward/snake ward_hit/particle.effect
effect/effect_new1/eff_weapon/eff_nezha_quan/particle.effect
effect/effect_new1/eff_weapon/eff_nezha/particle.effect
sound/_user/anjingfenweibgm315_o4ad.ogg
sound/_user/chouqisheng208_f8md.ogg
sound/_user/day1_4hkd.wav
sound/_user/dianhuazhanxian314_h8x1.ogg
sound/_user/fengsheng203_cwe1.ogg
sound/_user/gaobiebgm317_vr3d.ogg
sound/_user/guzhang311_r00d.ogg
sound/_user/hangdongjiemianyinle_lq5c.ogg
sound/_user/hangdongjiemianyinle_qb3c.wav
sound/_user/huanjingbaizaosheng221_1a5d.ogg
sound/_user/jianpansheng312_8yh1.ogg
sound/_user/jianpanyinxiao104_f0z1.ogg
sound/_user/jianpanyinxiao10_8egd.wav
sound/_user/jianpanyinxiao110_e9kc.ogg
sound/_user/jianpanyinxiao_5zx1.wav
sound/_user/jietouyinxiao212_jahd.ogg
sound/_user/jietouyinxiao404_eat1.ogg
sound/_user/juewangbgm316_c74d.ogg
sound/_user/kaimensheng107_p7id.ogg
sound/_user/kaimensheng207_sik1.ogg
sound/_user/kanr209_3qvd.ogg
sound/_user/mensheng410_0ny1.ogg
sound/_user/mensheng421_vxh1.ogg
sound/_user/piangangzhenyang_clld.wav
sound/_user/qieqiesiyusheng214_18r1.ogg
sound/_user/shifoujieshou_jianchi_7usd.ogg
sound/_user/shoujitishiyin202_8k1c.ogg
sound/_user/shoujitishiyin302_gspd.ogg
sound/_user/shoujitishiyin406_6wbd.ogg
sound/_user/shoujizhendong412_f421.ogg
sound/_user/shuijuehuxisheng204_ghg1.ogg
sound/_user/tanqisheng210_ks1c.ogg
sound/_user/uiyinxiao8_mgbd.wav
sound/_user/xindiantuyinxiao101_bgyd.ogg
sound/_user/xindiantuyinxiao220_eke1.ogg
sound/_user/xindiantuyinxiao308_d36d.ogg
sound/_user/xindiantuyinxiao_7gmd.wav
sound/_user/xintiaosheng205_slbc.ogg
sound/_user/xintiaosheng419_6s6d.ogg
sound/_user/xitongtishi_piwd.ogg
sound/_user/xuanzeyinxiao_m3jc.ogg
sound/_user/yinxiao09_sasd.wav
sound/_user/yinxiao102_f2qd.ogg
sound/_user/yinxiao103_1skc.ogg
sound/_user/yinxiao106_2zn1.ogg
sound/_user/yinxiao109_syyd.ogg
sound/_user/yinxiao201_5r5d.ogg
sound/_user/yinxiao206_5wdc.ogg
sound/_user/yinxiao211_t5gd.ogg
sound/_user/yinxiao213_ljnd.ogg
sound/_user/yinxiao215_p25d.ogg
sound/_user/yinxiao216_uo9c.ogg
sound/_user/yinxiao217_ra3c.ogg
sound/_user/yinxiao218_n06d.ogg
sound/_user/yinxiao219_nf41.ogg
sound/_user/yinxiao222_vqfc.ogg
sound/_user/yinxiao301_dmvd.ogg
sound/_user/yinxiao303_9p3c.ogg
sound/_user/yinxiao305_gp4d.ogg
sound/_user/yinxiao306_124d.ogg
sound/_user/yinxiao307_t5pd.ogg
sound/_user/yinxiao309_cu7d.ogg
sound/_user/yinxiao310_4y9c.ogg
sound/_user/yinxiao401_yecd.ogg
sound/_user/yinxiao402_fkhc.ogg
sound/_user/yinxiao403_ka7d.ogg
sound/_user/yinxiao405_oyy1.ogg
sound/_user/yinxiao407_eiv1.ogg
sound/_user/yinxiao408_7wnd.ogg
sound/_user/yinxiao409_jwsd.ogg
sound/_user/yinxiao411_ow4d.ogg
sound/_user/yinxiao413_zqx1.ogg
sound/_user/yinxiao414_wt3c.ogg
sound/_user/yinxiao415_vjm1.ogg
sound/_user/yinxiao416_t05c.ogg
sound/_user/yinxiao418_xz2d.ogg
sound/_user/yinxiao422_7xrd.ogg
sound/_user/yinxiao501_ct6c.ogg
sound/_user/yinxiao502_temd.ogg
sound/_user/yinxiao503_7ig1.ogg
sound/_user/yinxiao504_svh1.ogg
sound/_user/yinxiao5_qr4d.wav
sound/_user/yinxiao6_wakd.wav
sound/_user/yinxiao7_xyhc.wav
sound/_user/yiyuanzoulang304_lb3d.ogg
sound/_user/zhuyebeijingyinle_y7xd.ogg
sound/a2_sfx/action/deathaction/action_death_wolf_vo.ogg
sound/a2_sfx/action/moveaction/footsteps/fs_gen_2feet_dirt_01.ogg
sound/a2_sfx/action/moveaction/footsteps/fs_gen_2feet_dirt_02.ogg
sound/a2_sfx/action/moveaction/footsteps/fs_gen_2feet_dirt_03.ogg
sound/a2_sfx/action/moveaction/footsteps/fs_gen_2feet_dirt_04.ogg
sound/a2_sfx/action/moveaction/footsteps/fs_gen_2feet_dirt_05.ogg
sound/a2_sfx/action/moveaction/footsteps/fs_gen_2feet_dirt_06.ogg
sound/a2_sfx/action/moveaction/footsteps/fs_gen_2feet_dirt_07.ogg
sound/a2_sfx/action/moveaction/footsteps/fs_gen_2feet_dirt_08.ogg
sound/a2_sfx/action/moveaction/footsteps/fs_gen_2feet_grass_01.ogg
sound/a2_sfx/action/moveaction/footsteps/fs_gen_2feet_grass_02.ogg
sound/a2_sfx/action/moveaction/footsteps/fs_gen_2feet_grass_03.ogg
sound/a2_sfx/action/moveaction/footsteps/fs_gen_2feet_grass_04.ogg
sound/a2_sfx/action/moveaction/footsteps/fs_gen_2feet_grass_05.ogg
sound/a2_sfx/action/moveaction/footsteps/fs_gen_2feet_grass_06.ogg
sound/a2_sfx/action/moveaction/footsteps/fs_gen_2feet_grass_07.ogg
sound/a2_sfx/action/moveaction/footsteps/fs_gen_2feet_grass_08.ogg
sound/a2_sfx/action/moveaction/footsteps/fs_gen_2feet_rock_01.ogg
sound/a2_sfx/action/moveaction/footsteps/fs_gen_2feet_rock_02.ogg
sound/a2_sfx/action/moveaction/footsteps/fs_gen_2feet_rock_03.ogg
sound/a2_sfx/action/moveaction/footsteps/fs_gen_2feet_rock_04.ogg
sound/a2_sfx/action/moveaction/footsteps/fs_gen_2feet_rock_05.ogg
sound/a2_sfx/action/moveaction/footsteps/fs_gen_2feet_rock_06.ogg
sound/a2_sfx/action/moveaction/footsteps/fs_gen_2feet_rock_07.ogg
sound/a2_sfx/action/moveaction/footsteps/fs_gen_2feet_rock_08.ogg
sound/a2_sfx/action/moveaction/footsteps/fs_gen_2feet_sand_01.ogg
sound/a2_sfx/action/moveaction/footsteps/fs_gen_2feet_sand_02.ogg
sound/a2_sfx/action/moveaction/footsteps/fs_gen_2feet_sand_03.ogg
sound/a2_sfx/action/moveaction/footsteps/fs_gen_2feet_sand_04.ogg
sound/a2_sfx/action/moveaction/footsteps/fs_gen_2feet_sand_05.ogg
sound/a2_sfx/action/moveaction/footsteps/fs_gen_2feet_sand_06.ogg
sound/a2_sfx/action/moveaction/footsteps/fs_gen_2feet_sand_07.ogg
sound/a2_sfx/action/moveaction/footsteps/fs_gen_2feet_sand_08.ogg
sound/a2_sfx/action/moveaction/footsteps/fs_gen_2feet_water_01.ogg
sound/a2_sfx/action/moveaction/footsteps/fs_gen_2feet_water_02.ogg
sound/a2_sfx/action/moveaction/footsteps/fs_gen_2feet_water_03.ogg
sound/a2_sfx/action/moveaction/footsteps/fs_gen_2feet_water_04.ogg
sound/a2_sfx/action/moveaction/footsteps/fs_gen_2feet_water_05.ogg
sound/a2_sfx/action/moveaction/footsteps/fs_gen_2feet_water_06.ogg
sound/a2_sfx/action/moveaction/footsteps/fs_gen_2feet_water_07.ogg
sound/a2_sfx/action/moveaction/footsteps/fs_gen_2feet_water_08.ogg
sound/a2_sfx/fight/magic/sfx_magic_cast_imprisoned_01.ogg
sound/a2_sfx/fight/statuseffect/sfx_light_hint.ogg
sound/a2_sfx/fight/statuseffect/sfx_whirl_hvy_wind_lp.ogg
sound/a2_sfx/ui/general/ui_drawcard_onetimes_box_gold_open.ogg
sound/a2_sfx/ui/general/ui_drawcard_onetimes_box_ordinary_open.ogg
sound/a2_sfx/ui/general/ui_drawcard_onetimes_show.ogg
sound/a2_sfx/ui/general/ui_drawcard_tentimes_box_open.ogg
sound/a2_sfx/ui/general/ui_drawcard_tentimes_show_gold.ogg
sound/a2_sfx/ui/general/ui_drawcard_tentimes_show_ordinary_01.ogg
sound/a2_sfx/ui/general/ui_gamehall_congratulat_get.ogg
sound/a2_sfx/ui/general/ui_gamehall_equip_open.ogg
sound/a2_sfx/ui/general/ui_gamehall_friend_add.ogg
sound/a2_sfx/ui/general/ui_gamehall_friend_out.ogg
sound/a2_sfx/ui/general/ui_gamehall_gen_cancel.ogg
sound/a2_sfx/ui/general/ui_gamehall_gen_click.ogg
sound/a2_sfx/ui/general/ui_gamehall_gen_close.ogg
sound/a2_sfx/ui/general/ui_gamehall_gen_confirm.ogg
sound/a2_sfx/ui/general/ui_gamehall_page_level01_click.ogg
sound/a2_sfx/ui/general/ui_gamehall_popups.ogg
sound/a2_sfx/ui/general/ui_gamehall_promptwindow.ogg
sound/a2_sfx/ui/general/ui_gamehall_store_buy_success.ogg
sound/a2_sfx/ui/general/ui_gamehall_store_open.ogg
sound/a2_sfx/ui/general/ui_gamehall_system_open.ogg
sound/a5_epicsfx/animalscreatures/animalscreatures_creatures_95.ogg
sound/a5_epicsfx/magic/magic_fire_40.ogg
sound/a5_epicsfx/magic/magic_fire_5.ogg
sound/a5_epicsfx/magic/magic_fire_8.ogg
sound/a5_epicsfx/magic/magic_fire_9.ogg
sound/a5_epicsfx/magic/magic_light_6.ogg
sound/a5_epicsfx/voice/voice_maleyigor_4.ogg
sound/a5_epicsfx/weapons/weapons_melee_36.ogg
sound/a5_epicsfx/weapons/weapons_melee_57.ogg
sound/a5_epicsfx/weapons/weapons_melee_87.ogg
sound/battle_grounds_sound/level_up.ogg
sound/battle_grounds_sound/level_up.wav
sound/battle_party_sound/bgm/amb_bp_winner_shout.ogg
sound/battle_party_sound/game/other/action_hero_pickup_coin_bp.ogg
sound/battle_party_sound/game/other/action_hero_pickup_item_bp.ogg
sound/battle_party_sound/ui_podium.ogg
sound/best_moment_sound/ui/ui_click_button.ogg
sound/best_moment_sound/ui/ui_window.ogg
sound/last_stand_sound/错误.ogg
sound/last_stand_sound/错误.wav
sound/mover_td_sound/countdown.ogg
sound/mover_td_sound/countdown.wav
sound/promotion_sound/ui/三星结算音效_失败.ogg
sound/promotion_sound/ui/三星结算音效_失败.wav
sound/promotion_sound/ui/三星结算音效_胜利.ogg
sound/promotion_sound/ui/三星结算音效_胜利.wav
sound/promotion_sound/ui/刷怪提示音.ogg
sound/promotion_sound/ui/刷怪提示音.wav
sound/trap_sound/旋转.ogg
sound/trap_sound/旋转.wav
sound/trap_sound/爆炸.ogg
sound/trap_sound/爆炸.wav
sound/trap_sound/错误.ogg
sound/trap_sound/错误.wav
sound/a2_sfx/ui/hud/ui_hud_award_get_bright_long.ogg
sound/promotion_sound/ui/交互主按键音.ogg
sound/promotion_sound/ui/交互主按键音.wav
sound/promotion_sound/ui/倒计时音效.ogg
sound/promotion_sound/ui/倒计时音效.wav
sound/promotion_sound/ui/全局按键提示音.ogg
sound/promotion_sound/ui/全局按键提示音.wav
sound/promotion_sound/ui/宝物提示音.ogg
sound/promotion_sound/ui/宝物提示音.wav
sound/promotion_sound/ui/拾取音效.ogg
sound/promotion_sound/ui/拾取音效.wav
sound/promotion_sound/ui/等待读条音.ogg
sound/promotion_sound/ui/等待读条音.wav
sound/promotion_sound/ui/错误.ogg
sound/promotion_sound/ui/错误.wav
ui/font/regular
tiles/textures/mix/basecolor_terrain.png
tiles/textures/mix/mixcolor_terrain.png
editor/textures/engine/waternormal.png
editor/textures/engine/waterreflection.dds
editor/weather/ramp_water.tga
editor/weather/ramp_water_bottom.tga
editor/textures/engine/waterrefraction.tga
characters/monster/sk_xxsqingwa_02/textures/t_guagua.tga
maps/game_jam_seven_day_life/scene/default/weightmap.png
cube/day/daydiffusehdr.dds
cube/day/dayspecularhdr.dds
cube/day/daywaterreflection.dds
editor/textures/engine/vignetting.png
cube/day/dayspecularhdr_qualitylow.dds
cube/day/dayspecularhdr_qualityhigh.dds
editor/techniques/pbr_packednormal/tileblendonepackednormal.xml
editor/techniques/pbr_packednormal/tileblendtwopackednormal.xml
editor/techniques/pbr_packednormal/tileblendthreepackednormal.xml
editor/techniques/pbr_packednormal/tileblendninepackednormal.xml
editor/techniques/pbr_packednormal/tilecliffpackednormal.xml
editor/techniques/pbr_packednormal/tilecliff2packednormal.xml
editor/techniques/pbr_packednormal/landscapeblend.xml
editor/techniques/pbr_packednormal/landscapeblendex.xml
editor/techniques/pbr_packednormal/landscapeblenddrawable.xml
editor/techniques/singlelayerwater.xml
editor/techniques/water.xml
maps/game_jam_seven_day_life/atmosphere/default.lightgroup
tiles/material/mix/tileblendone_terrain.material
tiles/material/mix/tileblendtwo_terrain.material
tiles/material/mix/tileblendthree_terrain.material
tiles/material/mix/tileblendnine_terrain.material
tiles/material/mix/tilecliff_terrain.material
tiles/material/mix/tilecliff2_terrain.material
tiles/material/mix/landscapeblend_terrain.material
tiles/material/mix/landscapeblendex_terrain.material
tiles/material/mix/landscapeblenddrawable_terrain.material
editor/materials/engine/singlelayerwater.material
editor/materials/engine/water.material
editor/materials/engine/landscape.material
tiles/tile_config/config_v1.json
editor/texturestyle/field.json
editor/texturestyle/temple.json
editor/texturestyle/chinoiserie.json
editor/texturestyle/ts.json
editor/texturestyle/dg.json
editor/texturestyle/ds.json
editor/texturestyle/snow.json
editor/texturestyle/water.json
tiles/tile_config/texture_group.json
tiles/me_tiles_field/ground/cracks_1_1_1_1_1_1_1_1.prefab
maps/ai_templates/lib_common_ai
maps/default_units_ts
maps/defaultui
maps/script_libs/lib_common_sounds
maps/script_libs/lib_control
maps/script_libs/lib_game_options
maps/script_libs/lib_ui
maps/script_libs/smallcard_get_items
maps/script_libs/smallcard_inventory
maps/script_libs/smallcard_mail
maps/spark_core
