tiles/textures/mix/basecolor_terrain.png
tiles/textures/mix/mixcolor_terrain.png
editor/textures/engine/waternormal.png
editor/textures/engine/waterreflection.dds
editor/weather/ramp_water.tga
editor/weather/ramp_water_bottom.tga
editor/textures/engine/waterrefraction.tga
characters/monster/sk_xxsqingwa_02/textures/t_guagua.tga
maps/game_jam_seven_day_life/scene/default/weightmap.png
cube/day/daydiffusehdr.dds
cube/day/dayspecularhdr.dds
cube/day/daywaterreflection.dds
editor/textures/engine/vignetting.png
cube/day/dayspecularhdr_qualitylow.dds
cube/day/dayspecularhdr_qualityhigh.dds
engineres/techniques/notexture.xml
engineres/particle/common/techniques/diffunlitparticlealpha.xml
engineres/particle/common/techniques/diffunlitmeshparticlealpha.xml
engineres/techniques/diffunlit.xml
editor/techniques/pbr_packednormal/tileblendonepackednormal.xml
editor/techniques/pbr_packednormal/tileblendtwopackednormal.xml
editor/techniques/pbr_packednormal/tileblendthreepackednormal.xml
editor/techniques/pbr_packednormal/tileblendninepackednormal.xml
editor/techniques/pbr_packednormal/tilecliffpackednormal.xml
editor/techniques/pbr_packednormal/tilecliff2packednormal.xml
editor/techniques/pbr_packednormal/landscapeblend.xml
editor/techniques/pbr_packednormal/landscapeblendex.xml
editor/techniques/pbr_packednormal/landscapeblenddrawable.xml
editor/techniques/singlelayerwater.xml
editor/techniques/water.xml
editor/techniques/pbr_packednormal/defaultmetallicroughness.xml
maps/game_jam_seven_day_life/atmosphere/default.lightgroup
shaders/blgl/uncompileddisplay/vs_display.glsl
shaders/blgl/uncompileddisplay/ps_display.glsl
engineres/particle/common/materials/alphamaterial.material
engineres/particle/common/materials/alphamesh.material
engineres/particle/common/materials/defaultmesh.material
engineres/particle/common/materials/defaultmeshrgba.material
engineres/particle/common/materials/defaultsprite.material
engineres/particle/common/materials/empty.material
tiles/material/mix/tileblendone_terrain.material
tiles/material/mix/tileblendtwo_terrain.material
tiles/material/mix/tileblendthree_terrain.material
tiles/material/mix/tileblendnine_terrain.material
tiles/material/mix/tilecliff_terrain.material
tiles/material/mix/tilecliff2_terrain.material
tiles/material/mix/landscapeblend_terrain.material
tiles/material/mix/landscapeblendex_terrain.material
tiles/material/mix/landscapeblenddrawable_terrain.material
editor/materials/engine/singlelayerwater.material
editor/materials/engine/water.material
editor/materials/engine/landscape.material
tiles/tile_config/config_v1.json
editor/texturestyle/field.json
editor/texturestyle/temple.json
editor/texturestyle/chinoiserie.json
editor/texturestyle/ts.json
editor/texturestyle/dg.json
editor/texturestyle/ds.json
editor/texturestyle/snow.json
editor/texturestyle/water.json
tiles/tile_config/texture_group.json
tiles/me_tiles_field/ground/cracks_1_1_1_1_1_1_1_1.prefab
